npm error code EACCES
npm error syscall mkdir
npm error path /Users/kerembozdag/Desktop/lectureHelper/website.nosync/node_modules/@opentelemetry/semantic-conventions
npm error errno -13
npm error Error: EACCES: permission denied, mkdir '/Users/kerembozdag/Desktop/lectureHelper/website.nosync/node_modules/@opentelemetry/semantic-conventions'
npm error     at async mkdir (node:internal/fs/promises:861:10)
npm error     at async /opt/homebrew/lib/node_modules/npm/node_modules/@npmcli/arborist/lib/arborist/reify.js:628:20
npm error     at async Promise.allSettled (index 1)
npm error     at async [reifyPackages] (/opt/homebrew/lib/node_modules/npm/node_modules/@npmcli/arborist/lib/arborist/reify.js:332:11)
npm error     at async Arborist.reify (/opt/homebrew/lib/node_modules/npm/node_modules/@npmcli/arborist/lib/arborist/reify.js:137:5)
npm error     at async Install.exec (/opt/homebrew/lib/node_modules/npm/lib/commands/install.js:150:5)
npm error     at async Npm.exec (/opt/homebrew/lib/node_modules/npm/lib/npm.js:208:9)
npm error     at async module.exports (/opt/homebrew/lib/node_modules/npm/lib/cli/entry.js:67:5) {
npm error   errno: -13,
npm error   code: 'EACCES',
npm error   syscall: 'mkdir',
npm error   path: '/Users/kerembozdag/Desktop/lectureHelper/website.nosync/node_modules/@opentelemetry/semantic-conventions'
npm error }
npm error
npm error The operation was rejected by your operating system.
npm error It is likely you do not have the permissions to access this file as the current user
npm error
npm error If you believe this might be a permissions issue, please double-check the
npm error permissions of the file and its containing directories, or try running
npm error the command again as root/Administrator.
npm error A complete log of this run can be found in: /Users/kerembozdag/.npm/_logs/2025-12-04T12_29_31_298Z-debug-0.log
